ASxxxx Linker V03.00 + NoICE + sdld,  page 1.
Hexadecimal  [32-Bits]

Area                                    Addr        Size        Decimal Bytes (Attributes)
--------------------------------        ----        ----        ------- ----- ------------
CABS                                00000000    00000000 =           0. bytes (ABS,CON,CODE)

      Value  Global                              Global Defined In Module
      -----  --------------------------------   ------------------------
C:   00000000  l_CABS                          
C:   00000000  l_GSINIT1                       
C:   00000000  l_GSINIT5                       
C:   00000000  l_IABS                          
C:   00000000  l_PSEG                          
C:   00000000  l_REG_BANK_1                    
C:   00000000  l_REG_BANK_2                    
C:   00000000  l_REG_BANK_3                    
C:   00000000  l_RSEG                          
C:   00000000  l_RSEG0                         
C:   00000000  l_RSEG1                         
C:   00000000  l_XABS                          
C:   00000000  l_XINIT                         
C:   00000000  l_XISEG                         
C:   00000000  l_XSEG                          
C:   00000000  l__CODE                         
C:   00000000  s_BSEG                          
C:   00000000  s_CABS                          
C:   00000000  s_DSEG                          
C:   00000000  s_HOME                          
C:   00000000  s_IABS                          
C:   00000000  s_PSEG                          
C:   00000000  s_REG_BANK_0                    
C:   00000000  s_RSEG                          
C:   00000000  s_RSEG0                         
C:   00000000  s_RSEG1                         
C:   00000000  s_XABS                          
C:   00000000  s_XISEG                         
C:   00000000  s_XSEG                          
C:   00000001  l_BIT_BANK                      
C:   00000001  l_BSEG_BYTES                    
C:   00000002  l_BSEG                          
C:   00000003  l_GSFINAL                       
C:   00000003  l_GSINIT0                       
C:   00000008  l_REG_BANK_0                    
C:   00000008  s_REG_BANK_1                    
C:   00000009  l_ISEG                          
C:   0000000A  l_GSINIT2                       
C:   0000000B  l_OSEG                          
C:   00000010  s_REG_BANK_2                    
C:   00000017  l_GSINIT                        
C:   00000018  s_REG_BANK_3                    
C:   00000020  s_BSEG_BYTES                    
C:   00000020  s__CODE                         
C:   00000021  s_BIT_BANK                      
C:   00000022  l_GSINIT3                       
C:   00000022  s_OSEG                          
C:   0000002A  l_GSINIT4                       
C:   0000002D  s_ISEG                          
C:   00000036  s_SSEG                          
ASxxxx Linker V03.00 + NoICE + sdld,  page 2.
Hexadecimal  [32-Bits]

Area                                    Addr        Size        Decimal Bytes (Attributes)
--------------------------------        ----        ----        ------- ----- ------------
CABS                                00000000    00000000 =           0. bytes (ABS,CON,CODE)

      Value  Global                              Global Defined In Module
      -----  --------------------------------   ------------------------
C:   00000049  l_HOME                          
C:   00000049  s_GSINIT0                       
C:   0000004C  s_GSINIT1                       
C:   0000004C  s_GSINIT2                       
C:   00000056  s_GSINIT3                       
C:   00000078  s_GSINIT4                       
C:   0000007E  l_DSEG                          
C:   000000A2  s_GSINIT                        
C:   000000A2  s_GSINIT5                       
C:   000000B9  s_GSFINAL                       
C:   000000BC  s_CSEG                          
C:   000000CA  l_SSEG                          
C:   000000EE  l_CONST                         
C:   00000100  l_IRAM                          
C:   000009E0  l_CSEG                          
C:   00000A9C  s_CONST                         
C:   00000B8A  s_XINIT                         

ASxxxx Linker V03.00 + NoICE + sdld,  page 3.
Hexadecimal  [32-Bits]

Area                                    Addr        Size        Decimal Bytes (Attributes)
--------------------------------        ----        ----        ------- ----- ------------
.  .ABS.                            00000000    00000000 =           0. bytes (ABS,CON)

      Value  Global                              Global Defined In Module
      -----  --------------------------------   ------------------------
     00000000  .__.ABS.                           _startup
     00000000  _transmit_buffer                   main
     00000080  _ADC_CHAN0                         spi
     00000080  _ADC_CTRL                          spi
     00000080  _receive_buffer                    main
     00000081  _ADC_CHAN1                         spi
     00000081  _SP                                spi
     00000082  _DPL                               spi
     00000083  _CMP_CHAN                          spi
     00000083  _DPH                               spi
     00000084  _ADC_START                         spi
     00000084  _ROM_ADDR_L                        spi
     00000085  _ADC_IF                            spi
     00000085  _ROM_ADDR_H                        spi
     00000086  _CMP_IF                            spi
     00000086  _ROM_CTRL                          spi
     00000087  _CMPO                              spi
     00000087  _PCON                              spi
     00000088  _IT0                               spi
     00000088  _TCON                              spi
     00000089  _IE0                               spi
     00000089  _TMOD                              spi
     0000008A  _IT1                               spi
     0000008A  _TL0                               spi
     0000008B  _IE1                               spi
     0000008B  _TL1                               spi
     0000008C  _TH0                               spi
     0000008C  _TR0                               spi
     0000008D  _TF0                               spi
     0000008D  _TH1                               spi
     0000008E  _ROM_DATA_L                        spi
     0000008E  _TR1                               spi
     0000008F  _ROM_DATA_H                        spi
     0000008F  _TF1                               spi
     00000090  _CAP1                              spi
     00000090  _P1                                spi
     00000090  _T2                                spi
     00000090  _TIN0                              spi
     00000091  _AIN0                              spi
     00000091  _CAP2                              spi
     00000091  _LED                               main
     00000091  _T2EX                              spi
     00000091  _TIN1                              spi
     00000091  _USB_C_CTRL                        spi
     00000091  _VBUS2                             spi
     00000092  _P1_MOD_OC                         spi
     00000092  _RXD_                              spi
     00000093  _P1_DIR_PU                         spi
     00000093  _TXD_                              spi
     00000094  _AIN1                              spi
ASxxxx Linker V03.00 + NoICE + sdld,  page 4.
Hexadecimal  [32-Bits]

Area                                    Addr        Size        Decimal Bytes (Attributes)
--------------------------------        ----        ----        ------- ----- ------------
.  .ABS.                            00000000    00000000 =           0. bytes (ABS,CON)

      Value  Global                              Global Defined In Module
      -----  --------------------------------   ------------------------
     00000094  _CAP1_                             spi
     00000094  _NCS                               main
     00000094  _SCS                               spi
     00000094  _T2_                               spi
     00000094  _TIN2                              spi
     00000094  _UCC1                              spi
     00000095  _AIN2                              spi
     00000095  _MOSI                              spi
     00000095  _PWM1                              spi
     00000095  _TIN3                              spi
     00000095  _UCC2                              spi
     00000096  _MISO                              spi
     00000096  _P3_MOD_OC                         spi
     00000096  _RXD1                              spi
     00000096  _TIN4                              spi
     00000097  _P3_DIR_PU                         spi
     00000097  _SCK                               spi
     00000097  _TIN5                              spi
     00000097  _TXD1                              spi
     00000098  _RI                                spi
     00000098  _SCON                              spi
     00000099  _SBUF                              spi
     00000099  _TI                                spi
     0000009A  _ADC_CFG                           spi
     0000009A  _RB8                               spi
     0000009B  _PWM_DATA2                         spi
     0000009B  _TB8                               spi
     0000009C  _PWM_DATA1                         spi
     0000009C  _REN                               spi
     0000009D  _PWM_CTRL                          spi
     0000009D  _SM2                               spi
     0000009E  _PWM_CK_SE                         spi
     0000009E  _SM1                               spi
     0000009F  _ADC_DATA                          spi
     0000009F  _SM0                               spi
     000000A0  _P2                                spi
     000000A0  _P2B0                              main
     000000A0  __XPAGE                            
     000000A1  _P2B1                              main
     000000A1  _SAFE_MOD                          spi
     000000A2  _P2B2                              main
     000000A2  _XBUS_AUX                          spi
     000000A3  _P2B3                              main
     000000A4  _P2B4                              main
     000000A5  _P2B5                              main
     000000A6  _P2B6                              main
     000000A7  _P2B7                              main
     000000A8  _EX0                               spi
     000000A8  _IE                                spi
     000000A9  _ET0                               spi
     000000A9  _WAKE_CTRL                         spi
ASxxxx Linker V03.00 + NoICE + sdld,  page 5.
Hexadecimal  [32-Bits]

Area                                    Addr        Size        Decimal Bytes (Attributes)
--------------------------------        ----        ----        ------- ----- ------------
.  .ABS.                            00000000    00000000 =           0. bytes (ABS,CON)

      Value  Global                              Global Defined In Module
      -----  --------------------------------   ------------------------
     000000AA  _EX1                               spi
     000000AB  _ET1                               spi
     000000AC  _ES                                spi
     000000AD  _ET2                               spi
     000000AE  _E_DIS                             spi
     000000AF  _EA                                spi
     000000B0  _P3                                spi
     000000B0  _PWM1_                             spi
     000000B0  _RXD                               spi
     000000B1  _GLOBAL_CFG                        spi
     000000B1  _PWM2_                             spi
     000000B1  _TXD                               spi
     000000B2  _AIN3                              spi
     000000B2  _INT0                              spi
     000000B2  _TMS                               main
     000000B2  _TXD1_                             spi
     000000B2  _VBUS1                             spi
     000000B3  _ASDO                              main
     000000B3  _INT1                              spi
     000000B4  _NCE                               main
     000000B4  _PWM2                              spi
     000000B4  _RXD1_                             spi
     000000B4  _T0                                spi
     000000B5  _T1                                spi
     000000B6  _UDP                               spi
     000000B7  _UDM                               spi
     000000B8  _IP                                spi
     000000B8  _PX0                               spi
     000000B9  _CLOCK_CFG                         spi
     000000B9  _PT0                               spi
     000000BA  _PX1                               spi
     000000BB  _PT1                               spi
     000000BC  _PS                                spi
     000000BD  _PT2                               spi
     000000BE  _PL_FLAG                           spi
     000000BF  _PH_FLAG                           spi
     000000C0  _SCON1                             spi
     000000C0  _U1RI                              spi
     000000C1  _SBUF1                             spi
     000000C1  _U1TI                              spi
     000000C2  _SBAUD1                            spi
     000000C2  _U1RB8                             spi
     000000C3  _TKEY_CTRL                         spi
     000000C3  _U1TB8                             spi
     000000C4  _TKEY_DATL                         spi
     000000C4  _U1REN                             spi
     000000C5  _TKEY_DATH                         spi
     000000C5  _U1SMOD                            spi
     000000C6  _PIN_FUNC                          spi
     000000C7  _GPIO_IE                           spi
     000000C7  _U1SM0                             spi
ASxxxx Linker V03.00 + NoICE + sdld,  page 6.
Hexadecimal  [32-Bits]

Area                                    Addr        Size        Decimal Bytes (Attributes)
--------------------------------        ----        ----        ------- ----- ------------
.  .ABS.                            00000000    00000000 =           0. bytes (ABS,CON)

      Value  Global                              Global Defined In Module
      -----  --------------------------------   ------------------------
     000000C8  _CP_RL2                            spi
     000000C8  _T2CON                             spi
     000000C9  _C_T2                              spi
     000000C9  _T2MOD                             spi
     000000CA  _RCAP2L                            spi
     000000CA  _TR2                               spi
     000000CB  _EXEN2                             spi
     000000CB  _RCAP2H                            spi
     000000CC  _TCLK                              spi
     000000CC  _TL2                               spi
     000000CD  _RCLK                              spi
     000000CD  _TH2                               spi
     000000CE  _EXF2                              spi
     000000CE  _T2CAP1L                           spi
     000000CF  _CAP1F                             spi
     000000CF  _T2CAP1H                           spi
     000000CF  _TF2                               spi
     000000D0  _P                                 spi
     000000D0  _PSW                               spi
     000000D1  _F1                                spi
     000000D1  _UDEV_CTRL                         spi
     000000D2  _OV                                spi
     000000D2  _UEP1_CTRL                         spi
     000000D3  _RS0                               spi
     000000D3  _UEP1_T_LEN                        spi
     000000D4  _RS1                               spi
     000000D4  _UEP2_CTRL                         spi
     000000D5  _F0                                spi
     000000D5  _UEP2_T_LEN                        spi
     000000D6  _AC                                spi
     000000D6  _UEP3_CTRL                         spi
     000000D7  _CY                                spi
     000000D7  _UEP3_T_LEN                        spi
     000000D8  _UIF_BUS_RST                       spi
     000000D8  _UIF_DETECT                        spi
     000000D8  _USB_INT_FG                        spi
     000000D9  _UIF_TRANSFER                      spi
     000000D9  _USB_INT_ST                        spi
     000000DA  _UIF_SUSPEND                       spi
     000000DA  _USB_MIS_ST                        spi
     000000DB  _UIF_HST_SOF                       spi
     000000DB  _USB_RX_LEN                        spi
     000000DC  _UEP0_CTRL                         spi
     000000DC  _UIF_FIFO_OV                       spi
     000000DD  _UEP0_T_LEN                        spi
     000000DD  _U_SIE_FREE                        spi
     000000DE  _UEP4_CTRL                         spi
     000000DE  _U_TOG_OK                          spi
     000000DF  _UEP4_T_LEN                        spi
     000000DF  _U_IS_NAK                          spi
     000000E0  _ACC                               spi
ASxxxx Linker V03.00 + NoICE + sdld,  page 7.
Hexadecimal  [32-Bits]

Area                                    Addr        Size        Decimal Bytes (Attributes)
--------------------------------        ----        ----        ------- ----- ------------
.  .ABS.                            00000000    00000000 =           0. bytes (ABS,CON)

      Value  Global                              Global Defined In Module
      -----  --------------------------------   ------------------------
     000000E1  _USB_INT_EN                        spi
     000000E2  _USB_CTRL                          spi
     000000E3  _USB_DEV_AD                        spi
     000000E4  _UEP2_DMA_L                        spi
     000000E5  _UEP2_DMA_H                        spi
     000000E6  _UEP3_DMA_L                        spi
     000000E7  _UEP3_DMA_H                        spi
     000000E8  _IE_EX                             spi
     000000E8  _IE_SPI0                           spi
     000000E9  _IE_TKEY                           spi
     000000E9  _IP_EX                             spi
     000000EA  _IE_USB                            spi
     000000EA  _UEP4_1_MOD                        spi
     000000EB  _IE_ADC                            spi
     000000EB  _UEP2_3_MOD                        spi
     000000EC  _IE_UART1                          spi
     000000EC  _UEP0_DMA_L                        spi
     000000ED  _IE_PWMX                           spi
     000000ED  _UEP0_DMA_H                        spi
     000000EE  _IE_GPIO                           spi
     000000EE  _UEP1_DMA_L                        spi
     000000EF  _IE_WDOG                           spi
     000000EF  _UEP1_DMA_H                        spi
     000000F0  _B                                 spi
     000000F5  _B_5                               _gptrget
     000000F6  _B_6                               _gptrget
     000000F7  _B_7                               _gptrget
     000000F8  _S0_R_FIFO                         spi
     000000F8  _SPI0_STAT                         spi
     000000F9  _SPI0_DATA                         spi
     000000FA  _S0_T_FIFO                         spi
     000000FA  _SPI0_CTRL                         spi
     000000FB  _S0_FREE                           spi
     000000FB  _SPI0_CK_SE                        spi
     000000FC  _S0_IF_BYTE                        spi
     000000FC  _SPI0_SETUP                        spi
     000000FD  _S0_IF_FIRST                       spi
     000000FE  _RESET_KEEP                        spi
     000000FE  _S0_IF_OV                          spi
     000000FF  _S0_FST_ACT                        spi
     000000FF  _WDOG_COUNT                        spi
     00000100  _Ep0Buffer                         main
     00000140  _Ep1Buffer                         main
     00000180  _Ep2Buffer                         main
     00008584  _ROM_ADDR                          spi
     00008F8E  _ROM_DATA                          spi
     0000C5C4  _TKEY_DAT                          spi
     0000CBCA  _RCAP2                             spi
     0000CDCC  _T2COUNT                           spi
     0000CFCE  _T2CAP1                            spi
     0000E5E4  _UEP2_DMA                          spi
ASxxxx Linker V03.00 + NoICE + sdld,  page 8.
Hexadecimal  [32-Bits]

Area                                    Addr        Size        Decimal Bytes (Attributes)
--------------------------------        ----        ----        ------- ----- ------------
.  .ABS.                            00000000    00000000 =           0. bytes (ABS,CON)

      Value  Global                              Global Defined In Module
      -----  --------------------------------   ------------------------
     0000E7E6  _UEP3_DMA                          spi
     0000EDEC  _UEP0_DMA                          spi
     0000EFEE  _UEP1_DMA                          spi

ASxxxx Linker V03.00 + NoICE + sdld,  page 9.
Hexadecimal  [32-Bits]

Area                                    Addr        Size        Decimal Bytes (Attributes)
--------------------------------        ----        ----        ------- ----- ------------
BSEG_BYTES                          00000020    00000001 =           1. bytes (REL,CON)

      Value  Global                              Global Defined In Module
      -----  --------------------------------   ------------------------
ASxxxx Linker V03.00 + NoICE + sdld,  page 10.
Hexadecimal  [32-Bits]

Area                                    Addr        Size        Decimal Bytes (Attributes)
--------------------------------        ----        ----        ------- ----- ------------
REG_BANK_0                          00000000    00000008 =           8. bytes (REL,OVR)

      Value  Global                              Global Defined In Module
      -----  --------------------------------   ------------------------
ASxxxx Linker V03.00 + NoICE + sdld,  page 11.
Hexadecimal  [32-Bits]

Area                                    Addr        Size        Decimal Bytes (Attributes)
--------------------------------        ----        ----        ------- ----- ------------
BIT_BANK                            00000021    00000001 =           1. bytes (REL,OVR)

      Value  Global                              Global Defined In Module
      -----  --------------------------------   ------------------------
ASxxxx Linker V03.00 + NoICE + sdld,  page 12.
Hexadecimal  [32-Bits]

Area                                    Addr        Size        Decimal Bytes (Attributes)
--------------------------------        ----        ----        ------- ----- ------------
DSEG                                00000000    0000007E =         126. bytes (REL,CON)

      Value  Global                              Global Defined In Module
      -----  --------------------------------   ------------------------
     00000008  _SetupLen                          main
     0000000A  _SetupReq                          main
     0000000B  _Count                             main
     0000000C  _UsbConfig                         main
     0000000D  _vendor_control                    main
     0000000E  _send_dummy                        main
     0000000F  _pDescr                            main
     00000012  _SetupReqBuf                       main

ASxxxx Linker V03.00 + NoICE + sdld,  page 13.
Hexadecimal  [32-Bits]

Area                                    Addr        Size        Decimal Bytes (Attributes)
--------------------------------        ----        ----        ------- ----- ------------
OSEG                                00000022    0000000B =          11. bytes (REL,OVR)

      Value  Global                              Global Defined In Module
      -----  --------------------------------   ------------------------
     00000022  ___memcpy_PARM_2                   __memcpy
     00000022  __gptrput_PARM_2                   _gptrput
     00000025  ___memcpy_PARM_3                   __memcpy
ASxxxx Linker V03.00 + NoICE + sdld,  page 14.
Hexadecimal  [32-Bits]

Area                                    Addr        Size        Decimal Bytes (Attributes)
--------------------------------        ----        ----        ------- ----- ------------
ISEG                                0000002D    00000009 =           9. bytes (REL,CON)

      Value  Global                              Global Defined In Module
      -----  --------------------------------   ------------------------
     0000002D  _USBByteCount                      main
     0000002E  _USBBufOutPoint                    main
     0000002F  _sof_count                         main
     00000031  _ep1_in_busy                       main
     00000032  _latency_timer                     main
     00000033  _transmit_buffer_in_offset         main
     00000034  _transmit_buffer_out_offset        main
     00000035  _send_len                          main

ASxxxx Linker V03.00 + NoICE + sdld,  page 15.
Hexadecimal  [32-Bits]

Area                                    Addr        Size        Decimal Bytes (Attributes)
--------------------------------        ----        ----        ------- ----- ------------
SSEG                                00000036    000000CA =         202. bytes (REL,OVR)

      Value  Global                              Global Defined In Module
      -----  --------------------------------   ------------------------
     00000036  __start__stack                     main

ASxxxx Linker V03.00 + NoICE + sdld,  page 16.
Hexadecimal  [32-Bits]

Area                                    Addr        Size        Decimal Bytes (Attributes)
--------------------------------        ----        ----        ------- ----- ------------
HOME                                00000000    00000049 =          73. bytes (REL,CON,CODE)

      Value  Global                              Global Defined In Module
      -----  --------------------------------   ------------------------
C:   00000046  __sdcc_program_startup             main

ASxxxx Linker V03.00 + NoICE + sdld,  page 17.
Hexadecimal  [32-Bits]

Area                                    Addr        Size        Decimal Bytes (Attributes)
--------------------------------        ----        ----        ------- ----- ------------
GSINIT0                             00000049    00000003 =           3. bytes (REL,CON,CODE)

      Value  Global                              Global Defined In Module
      -----  --------------------------------   ------------------------
C:   00000049  __sdcc_gsinit_startup              

ASxxxx Linker V03.00 + NoICE + sdld,  page 18.
Hexadecimal  [32-Bits]

Area                                    Addr        Size        Decimal Bytes (Attributes)
--------------------------------        ----        ----        ------- ----- ------------
GSINIT2                             0000004C    0000000A =          10. bytes (REL,CON,CODE)

      Value  Global                              Global Defined In Module
      -----  --------------------------------   ------------------------
ASxxxx Linker V03.00 + NoICE + sdld,  page 19.
Hexadecimal  [32-Bits]

Area                                    Addr        Size        Decimal Bytes (Attributes)
--------------------------------        ----        ----        ------- ----- ------------
GSINIT3                             00000056    00000022 =          34. bytes (REL,CON,CODE)

      Value  Global                              Global Defined In Module
      -----  --------------------------------   ------------------------
C:   00000056  __mcs51_genXINIT                   

ASxxxx Linker V03.00 + NoICE + sdld,  page 20.
Hexadecimal  [32-Bits]

Area                                    Addr        Size        Decimal Bytes (Attributes)
--------------------------------        ----        ----        ------- ----- ------------
GSINIT4                             00000078    0000002A =          42. bytes (REL,CON,CODE)

      Value  Global                              Global Defined In Module
      -----  --------------------------------   ------------------------
C:   00000078  __mcs51_genRAMCLEAR                
C:   0000007E  __mcs51_genXRAMCLEAR               

ASxxxx Linker V03.00 + NoICE + sdld,  page 21.
Hexadecimal  [32-Bits]

Area                                    Addr        Size        Decimal Bytes (Attributes)
--------------------------------        ----        ----        ------- ----- ------------
GSINIT                              000000A2    00000017 =          23. bytes (REL,CON,CODE)

      Value  Global                              Global Defined In Module
      -----  --------------------------------   ------------------------
ASxxxx Linker V03.00 + NoICE + sdld,  page 22.
Hexadecimal  [32-Bits]

Area                                    Addr        Size        Decimal Bytes (Attributes)
--------------------------------        ----        ----        ------- ----- ------------
GSFINAL                             000000B9    00000003 =           3. bytes (REL,CON,CODE)

      Value  Global                              Global Defined In Module
      -----  --------------------------------   ------------------------
ASxxxx Linker V03.00 + NoICE + sdld,  page 23.
Hexadecimal  [32-Bits]

Area                                    Addr        Size        Decimal Bytes (Attributes)
--------------------------------        ----        ----        ------- ----- ------------
CSEG                                000000BC    000009E0 =        2528. bytes (REL,CON,CODE)

      Value  Global                              Global Defined In Module
      -----  --------------------------------   ------------------------
C:   000000BC  _USBDeviceCfg                      main
C:   000000D5  _USBDeviceIntCfg                   main
C:   000000E9  _USBDeviceEndPointCfg              main
C:   00000111  _DeviceInterrupt                   main
C:   0000068F  _main                              main
C:   00000959  _CfgFsys                           debug
C:   0000096B  _mDelayuS                          debug
C:   00000981  _mDelaymS                          debug
C:   0000099F  _putchar                           debug
C:   000009AF  _getchar                           debug
C:   000009BD  _SPIMasterModeSet                  spi
C:   000009D4  _CH554SPIInterruptInit             spi
C:   000009E0  _CH554SPIMasterWrite               spi
C:   000009E7  _CH554SPIMasterRead                spi
C:   000009F1  _SPISlvModeSet                     spi
C:   000009FE  _CH554SPISlvWrite                  spi
C:   00000A05  _CH554SPISlvRead                   spi
C:   00000A0C  ___memcpy                          __memcpy
C:   00000A61  __gptrput                          _gptrput
C:   00000A7C  __gptrget                          _gptrget
C:   00000A98  __sdcc_external_startup            _startup
ASxxxx Linker V03.00 + NoICE + sdld,  page 24.
Hexadecimal  [32-Bits]

Area                                    Addr        Size        Decimal Bytes (Attributes)
--------------------------------        ----        ----        ------- ----- ------------
CONST                               00000A9C    000000EE =         238. bytes (REL,CON,CODE)

      Value  Global                              Global Defined In Module
      -----  --------------------------------   ------------------------
C:   00000A9C  _ftdi_rom                          main
C:   00000B1C  _DevDesc                           main
C:   00000B2E  _CfgDesc                           main
C:   00000B4E  _LangDes                           main
C:   00000B52  _SerDes                            main
C:   00000B64  _Prod_Des                          main
C:   00000B7C  _Manuf_Des                         main

ASxxxx Linker V03.00 + NoICE + sdld,  page 25.

Files Linked                              [ module(s) ]

main.rel                                  [  ]
debug.rel                                 [  ]
spi.rel                                   [  ]


Libraries Linked                          [ object file ]

/usr/bin/../share/sdcc/lib/small/mcs51.lib
                                          [ crtclear.rel ]
/usr/bin/../share/sdcc/lib/small/libsdcc.lib
                                          [ __memcpy.rel ]
/usr/bin/../share/sdcc/lib/small/mcs51.lib
                                          [ crtxinit.rel ]
/usr/bin/../share/sdcc/lib/small/libsdcc.lib
                                          [ _gptrput.rel ]
/usr/bin/../share/sdcc/lib/small/mcs51.lib
                                          [ crtxclear.rel ]
/usr/bin/../share/sdcc/lib/small/mcs51.lib
                                          [ crtpagesfr.rel ]
/usr/bin/../share/sdcc/lib/small/mcs51.lib
                                          [ crtstart.rel ]
/usr/bin/../share/sdcc/lib/small/libsdcc.lib
                                          [ _gptrget.rel ]
/usr/bin/../share/sdcc/lib/small/libsdcc.lib
                                          [ _startup.rel ]

ASxxxx Linker V03.00 + NoICE + sdld,  page 26.

User Base Address Definitions

HOME = 0x0000
ISEG = 0x0000
BSEG = 0x0000

